// Vitest Snapshot v1, https://vitest.dev/guide/snapshot.html

exports[`プロンプト生成 > 3エンジンのテキストテンプレ（スナップショット） 1`] = `"INT. KITCHEN — NIGHT. close-up of Maya (center), shot on a 65mm (31° hFOV, full-frame) lens, eye-level · level camera. slow push-in toward the subject over 4s. Maya slams the table. handheld feel. Cinematic lighting, photorealistic, 16:9."`;

exports[`プロンプト生成 > 3エンジンのテキストテンプレ（スナップショット） 2`] = `"Cinematic close-up. Scene: INT. KITCHEN — NIGHT. Subjects: Maya (center). Lens: 65mm (31° hFOV, full-frame). Camera: eye-level · level, slow push-in toward the subject over 4s. Maya slams the table. handheld feel. Duration 4 seconds, aspect 16:9."`;

exports[`プロンプト生成 > 3エンジンのテキストテンプレ（スナップショット） 3`] = `"slow push-in toward the subject over 4s; close-up; 65mm (31° hFOV, full-frame); eye-level · level. INT. KITCHEN — NIGHT — Maya (center). Maya slams the table. handheld feel."`;
